--- Phase 1: Registration ---
Calling: http://localhost:5001/api/auth/register-user
Registration Status: 201
Registration Data: {
  message: 'User registered successfully',
  user: {
    name: 'Test Verification User',
    email: 'verify_1773230409503@example.com',
    mobile: '9030409503',
    password: 'password123',
    _id: '69b15949c6da7109cfbdd98a',
    createdAt: '2026-03-11T12:00:09.560Z',
    updatedAt: '2026-03-11T12:00:09.560Z',
    __v: 0
  }
}

--- Phase 2: Duplicate Mobile Registration ---
Duplicate Mobile Red Status: 400
Duplicate Mobile Red Data: { message: 'User with this mobile number already exists' }

--- Phase 3: Login (Correct) ---
Login Status: 200
Login Data: {
  message: 'Login successful',
  user: {
    _id: '69b15949c6da7109cfbdd98a',
    name: 'Test Verification User',
    email: 'verify_1773230409503@example.com',
    mobile: '9030409503',
    password: 'password123',
    createdAt: '2026-03-11T12:00:09.560Z',
    updatedAt: '2026-03-11T12:00:09.560Z',
    __v: 0
  }
}

--- Phase 4: Login (Incorrect Password) ---
Fail Login Status: 401

--- Phase 5: Admin Login ---
Admin Login Status: 200
Admin Login Data: {
  message: 'Admin login successful',
  user: {
    name: 'Administrator',
    email: 'admin@greenbond.com',
    role: 'admin'
  }
}
